// Jest Snapshot v1, https://goo.gl/fbAQLP

exports[`test generatePurchaseUrl should generate payment url in EUR currency by default 1`] = `
[MockFunction] {
  "calls": [
    [
      "https://secure.wayforpay.com/pay?behavior=offline",
      FormData {
        Symbol(state): [
          {
            "name": "merchantAccount",
            "value": "my_account",
          },
          {
            "name": "merchantDomainName",
            "value": "https://my_account.com",
          },
          {
            "name": "merchantTransactionSecureType",
            "value": "AUTO",
          },
          {
            "name": "merchantSignature",
            "value": "c2b78f71992bd8f7279cb822756ae2c9",
          },
          {
            "name": "orderReference",
            "value": "product__1715267902885",
          },
          {
            "name": "orderDate",
            "value": "1715267902885",
          },
          {
            "name": "currency",
            "value": "UAH",
          },
          {
            "name": "productName[0]",
            "value": "Apple",
          },
          {
            "name": "productPrice[0]",
            "value": "100",
          },
          {
            "name": "productCount[0]",
            "value": "1",
          },
          {
            "name": "language",
            "value": "EN",
          },
          {
            "name": "orderTimeout",
            "value": "49000",
          },
          {
            "name": "orderLifetime",
            "value": "86400",
          },
          {
            "name": "paymentSystems",
            "value": "card;googlePay;applePay",
          },
          {
            "name": "amount",
            "value": "100",
          },
        ],
      },
      {
        "headers": {
          "Content-Type": "multipart/form-data",
        },
      },
    ],
    [
      "https://secure.wayforpay.com/pay?behavior=offline",
      FormData {
        Symbol(state): [
          {
            "name": "merchantAccount",
            "value": "my_account",
          },
          {
            "name": "merchantDomainName",
            "value": "https://my_account.com",
          },
          {
            "name": "merchantTransactionSecureType",
            "value": "AUTO",
          },
          {
            "name": "merchantSignature",
            "value": "c9212fd501646309a47f2cb92f795494",
          },
          {
            "name": "orderReference",
            "value": "product_1_1715266261866",
          },
          {
            "name": "orderDate",
            "value": "1715266261866",
          },
          {
            "name": "currency",
            "value": "UAH",
          },
          {
            "name": "productName[0]",
            "value": "Apple",
          },
          {
            "name": "productName[1]",
            "value": "Orange",
          },
          {
            "name": "productPrice[0]",
            "value": "100",
          },
          {
            "name": "productPrice[1]",
            "value": "45",
          },
          {
            "name": "productCount[0]",
            "value": "1",
          },
          {
            "name": "productCount[1]",
            "value": "1",
          },
          {
            "name": "language",
            "value": "EN",
          },
          {
            "name": "orderTimeout",
            "value": "49000",
          },
          {
            "name": "orderLifetime",
            "value": "86400",
          },
          {
            "name": "paymentSystems",
            "value": "card;googlePay;applePay",
          },
          {
            "name": "amount",
            "value": "145",
          },
        ],
      },
      {
        "headers": {
          "Content-Type": "multipart/form-data",
        },
      },
    ],
    [
      "https://secure.wayforpay.com/pay?behavior=offline",
      FormData {
        Symbol(state): [
          {
            "name": "merchantAccount",
            "value": "my_account",
          },
          {
            "name": "merchantDomainName",
            "value": "https://my_account.com",
          },
          {
            "name": "merchantTransactionSecureType",
            "value": "AUTO",
          },
          {
            "name": "merchantSignature",
            "value": "686cdc728fdfb2b3fdce79971c869564",
          },
          {
            "name": "orderReference",
            "value": "product_1_1715266261866",
          },
          {
            "name": "orderDate",
            "value": "1715266261866",
          },
          {
            "name": "currency",
            "value": "UAH",
          },
          {
            "name": "productName[0]",
            "value": "Apple",
          },
          {
            "name": "productName[1]",
            "value": "Kiwi",
          },
          {
            "name": "productPrice[0]",
            "value": "100",
          },
          {
            "name": "productPrice[1]",
            "value": "45",
          },
          {
            "name": "productCount[0]",
            "value": "1",
          },
          {
            "name": "productCount[1]",
            "value": "1",
          },
          {
            "name": "language",
            "value": "EN",
          },
          {
            "name": "orderTimeout",
            "value": "49000",
          },
          {
            "name": "orderLifetime",
            "value": "86400",
          },
          {
            "name": "paymentSystems",
            "value": "card;googlePay;applePay",
          },
          {
            "name": "amount",
            "value": "123",
          },
        ],
      },
      {
        "headers": {
          "Content-Type": "multipart/form-data",
        },
      },
    ],
    [
      "https://secure.wayforpay.com/pay?behavior=offline",
      FormData {
        Symbol(state): [
          {
            "name": "merchantAccount",
            "value": "my_account",
          },
          {
            "name": "merchantDomainName",
            "value": "https://my_account.com",
          },
          {
            "name": "merchantTransactionSecureType",
            "value": "AUTO",
          },
          {
            "name": "merchantSignature",
            "value": "b12479bbd74e6c404322d562940b310f",
          },
          {
            "name": "orderReference",
            "value": "product_1_1715266261866",
          },
          {
            "name": "orderDate",
            "value": "1715266261866",
          },
          {
            "name": "currency",
            "value": "EUR",
          },
          {
            "name": "productName[0]",
            "value": "Milk",
          },
          {
            "name": "productPrice[0]",
            "value": "2",
          },
          {
            "name": "productCount[0]",
            "value": "1",
          },
          {
            "name": "language",
            "value": "EN",
          },
          {
            "name": "orderTimeout",
            "value": "49000",
          },
          {
            "name": "orderLifetime",
            "value": "86400",
          },
          {
            "name": "paymentSystems",
            "value": "card;googlePay;applePay",
          },
          {
            "name": "amount",
            "value": "2",
          },
        ],
      },
      {
        "headers": {
          "Content-Type": "multipart/form-data",
        },
      },
    ],
  ],
  "results": [
    {
      "type": "return",
      "value": Promise {},
    },
    {
      "type": "return",
      "value": Promise {},
    },
    {
      "type": "return",
      "value": Promise {},
    },
    {
      "type": "return",
      "value": Promise {},
    },
  ],
}
`;

exports[`test generatePurchaseUrl should generate payment url with UA language 1`] = `
[MockFunction] {
  "calls": [
    [
      "https://secure.wayforpay.com/pay?behavior=offline",
      FormData {
        Symbol(state): [
          {
            "name": "merchantAccount",
            "value": "my_account",
          },
          {
            "name": "merchantDomainName",
            "value": "https://my_account.com",
          },
          {
            "name": "merchantTransactionSecureType",
            "value": "AUTO",
          },
          {
            "name": "merchantSignature",
            "value": "c2b78f71992bd8f7279cb822756ae2c9",
          },
          {
            "name": "orderReference",
            "value": "product__1715267902885",
          },
          {
            "name": "orderDate",
            "value": "1715267902885",
          },
          {
            "name": "currency",
            "value": "UAH",
          },
          {
            "name": "productName[0]",
            "value": "Apple",
          },
          {
            "name": "productPrice[0]",
            "value": "100",
          },
          {
            "name": "productCount[0]",
            "value": "1",
          },
          {
            "name": "language",
            "value": "EN",
          },
          {
            "name": "orderTimeout",
            "value": "49000",
          },
          {
            "name": "orderLifetime",
            "value": "86400",
          },
          {
            "name": "paymentSystems",
            "value": "card;googlePay;applePay",
          },
          {
            "name": "amount",
            "value": "100",
          },
        ],
      },
      {
        "headers": {
          "Content-Type": "multipart/form-data",
        },
      },
    ],
    [
      "https://secure.wayforpay.com/pay?behavior=offline",
      FormData {
        Symbol(state): [
          {
            "name": "merchantAccount",
            "value": "my_account",
          },
          {
            "name": "merchantDomainName",
            "value": "https://my_account.com",
          },
          {
            "name": "merchantTransactionSecureType",
            "value": "AUTO",
          },
          {
            "name": "merchantSignature",
            "value": "c9212fd501646309a47f2cb92f795494",
          },
          {
            "name": "orderReference",
            "value": "product_1_1715266261866",
          },
          {
            "name": "orderDate",
            "value": "1715266261866",
          },
          {
            "name": "currency",
            "value": "UAH",
          },
          {
            "name": "productName[0]",
            "value": "Apple",
          },
          {
            "name": "productName[1]",
            "value": "Orange",
          },
          {
            "name": "productPrice[0]",
            "value": "100",
          },
          {
            "name": "productPrice[1]",
            "value": "45",
          },
          {
            "name": "productCount[0]",
            "value": "1",
          },
          {
            "name": "productCount[1]",
            "value": "1",
          },
          {
            "name": "language",
            "value": "EN",
          },
          {
            "name": "orderTimeout",
            "value": "49000",
          },
          {
            "name": "orderLifetime",
            "value": "86400",
          },
          {
            "name": "paymentSystems",
            "value": "card;googlePay;applePay",
          },
          {
            "name": "amount",
            "value": "145",
          },
        ],
      },
      {
        "headers": {
          "Content-Type": "multipart/form-data",
        },
      },
    ],
    [
      "https://secure.wayforpay.com/pay?behavior=offline",
      FormData {
        Symbol(state): [
          {
            "name": "merchantAccount",
            "value": "my_account",
          },
          {
            "name": "merchantDomainName",
            "value": "https://my_account.com",
          },
          {
            "name": "merchantTransactionSecureType",
            "value": "AUTO",
          },
          {
            "name": "merchantSignature",
            "value": "686cdc728fdfb2b3fdce79971c869564",
          },
          {
            "name": "orderReference",
            "value": "product_1_1715266261866",
          },
          {
            "name": "orderDate",
            "value": "1715266261866",
          },
          {
            "name": "currency",
            "value": "UAH",
          },
          {
            "name": "productName[0]",
            "value": "Apple",
          },
          {
            "name": "productName[1]",
            "value": "Kiwi",
          },
          {
            "name": "productPrice[0]",
            "value": "100",
          },
          {
            "name": "productPrice[1]",
            "value": "45",
          },
          {
            "name": "productCount[0]",
            "value": "1",
          },
          {
            "name": "productCount[1]",
            "value": "1",
          },
          {
            "name": "language",
            "value": "EN",
          },
          {
            "name": "orderTimeout",
            "value": "49000",
          },
          {
            "name": "orderLifetime",
            "value": "86400",
          },
          {
            "name": "paymentSystems",
            "value": "card;googlePay;applePay",
          },
          {
            "name": "amount",
            "value": "123",
          },
        ],
      },
      {
        "headers": {
          "Content-Type": "multipart/form-data",
        },
      },
    ],
    [
      "https://secure.wayforpay.com/pay?behavior=offline",
      FormData {
        Symbol(state): [
          {
            "name": "merchantAccount",
            "value": "my_account",
          },
          {
            "name": "merchantDomainName",
            "value": "https://my_account.com",
          },
          {
            "name": "merchantTransactionSecureType",
            "value": "AUTO",
          },
          {
            "name": "merchantSignature",
            "value": "b12479bbd74e6c404322d562940b310f",
          },
          {
            "name": "orderReference",
            "value": "product_1_1715266261866",
          },
          {
            "name": "orderDate",
            "value": "1715266261866",
          },
          {
            "name": "currency",
            "value": "EUR",
          },
          {
            "name": "productName[0]",
            "value": "Milk",
          },
          {
            "name": "productPrice[0]",
            "value": "2",
          },
          {
            "name": "productCount[0]",
            "value": "1",
          },
          {
            "name": "language",
            "value": "EN",
          },
          {
            "name": "orderTimeout",
            "value": "49000",
          },
          {
            "name": "orderLifetime",
            "value": "86400",
          },
          {
            "name": "paymentSystems",
            "value": "card;googlePay;applePay",
          },
          {
            "name": "amount",
            "value": "2",
          },
        ],
      },
      {
        "headers": {
          "Content-Type": "multipart/form-data",
        },
      },
    ],
    [
      "https://secure.wayforpay.com/pay?behavior=offline",
      FormData {
        Symbol(state): [
          {
            "name": "merchantAccount",
            "value": "my_account",
          },
          {
            "name": "merchantDomainName",
            "value": "https://my_account.com",
          },
          {
            "name": "merchantTransactionSecureType",
            "value": "AUTO",
          },
          {
            "name": "merchantSignature",
            "value": "b12479bbd74e6c404322d562940b310f",
          },
          {
            "name": "orderReference",
            "value": "product_1_1715266261866",
          },
          {
            "name": "orderDate",
            "value": "1715266261866",
          },
          {
            "name": "currency",
            "value": "EUR",
          },
          {
            "name": "productName[0]",
            "value": "Milk",
          },
          {
            "name": "productPrice[0]",
            "value": "2",
          },
          {
            "name": "productCount[0]",
            "value": "1",
          },
          {
            "name": "language",
            "value": "EN",
          },
          {
            "name": "orderTimeout",
            "value": "49000",
          },
          {
            "name": "orderLifetime",
            "value": "86400",
          },
          {
            "name": "paymentSystems",
            "value": "card;googlePay;applePay",
          },
          {
            "name": "amount",
            "value": "2",
          },
          {
            "name": "serviceUrl",
            "value": "https://my_account.com/success",
          },
        ],
      },
      {
        "headers": {
          "Content-Type": "multipart/form-data",
        },
      },
    ],
    [
      "https://secure.wayforpay.com/pay?behavior=offline",
      FormData {
        Symbol(state): [
          {
            "name": "merchantAccount",
            "value": "my_account",
          },
          {
            "name": "merchantDomainName",
            "value": "https://my_account.com",
          },
          {
            "name": "merchantTransactionSecureType",
            "value": "AUTO",
          },
          {
            "name": "merchantSignature",
            "value": "b12479bbd74e6c404322d562940b310f",
          },
          {
            "name": "orderReference",
            "value": "product_1_1715266261866",
          },
          {
            "name": "orderDate",
            "value": "1715266261866",
          },
          {
            "name": "currency",
            "value": "EUR",
          },
          {
            "name": "productName[0]",
            "value": "Milk",
          },
          {
            "name": "productPrice[0]",
            "value": "2",
          },
          {
            "name": "productCount[0]",
            "value": "1",
          },
          {
            "name": "language",
            "value": "UA",
          },
          {
            "name": "orderTimeout",
            "value": "49000",
          },
          {
            "name": "orderLifetime",
            "value": "86400",
          },
          {
            "name": "paymentSystems",
            "value": "card;googlePay;applePay",
          },
          {
            "name": "amount",
            "value": "2",
          },
          {
            "name": "serviceUrl",
            "value": "https://my_account.com/success",
          },
        ],
      },
      {
        "headers": {
          "Content-Type": "multipart/form-data",
        },
      },
    ],
  ],
  "results": [
    {
      "type": "return",
      "value": Promise {},
    },
    {
      "type": "return",
      "value": Promise {},
    },
    {
      "type": "return",
      "value": Promise {},
    },
    {
      "type": "return",
      "value": Promise {},
    },
    {
      "type": "return",
      "value": Promise {},
    },
    {
      "type": "return",
      "value": Promise {},
    },
  ],
}
`;

exports[`test generatePurchaseUrl should generate payment url with custom productCount 1`] = `
[MockFunction] {
  "calls": [
    [
      "https://secure.wayforpay.com/pay?behavior=offline",
      FormData {
        Symbol(state): [
          {
            "name": "merchantAccount",
            "value": "my_account",
          },
          {
            "name": "merchantDomainName",
            "value": "https://my_account.com",
          },
          {
            "name": "merchantTransactionSecureType",
            "value": "AUTO",
          },
          {
            "name": "merchantSignature",
            "value": "c2b78f71992bd8f7279cb822756ae2c9",
          },
          {
            "name": "orderReference",
            "value": "product__1715267902885",
          },
          {
            "name": "orderDate",
            "value": "1715267902885",
          },
          {
            "name": "currency",
            "value": "UAH",
          },
          {
            "name": "productName[0]",
            "value": "Apple",
          },
          {
            "name": "productPrice[0]",
            "value": "100",
          },
          {
            "name": "productCount[0]",
            "value": "1",
          },
          {
            "name": "language",
            "value": "EN",
          },
          {
            "name": "orderTimeout",
            "value": "49000",
          },
          {
            "name": "orderLifetime",
            "value": "86400",
          },
          {
            "name": "paymentSystems",
            "value": "card;googlePay;applePay",
          },
          {
            "name": "amount",
            "value": "100",
          },
        ],
      },
      {
        "headers": {
          "Content-Type": "multipart/form-data",
        },
      },
    ],
    [
      "https://secure.wayforpay.com/pay?behavior=offline",
      FormData {
        Symbol(state): [
          {
            "name": "merchantAccount",
            "value": "my_account",
          },
          {
            "name": "merchantDomainName",
            "value": "https://my_account.com",
          },
          {
            "name": "merchantTransactionSecureType",
            "value": "AUTO",
          },
          {
            "name": "merchantSignature",
            "value": "c9212fd501646309a47f2cb92f795494",
          },
          {
            "name": "orderReference",
            "value": "product_1_1715266261866",
          },
          {
            "name": "orderDate",
            "value": "1715266261866",
          },
          {
            "name": "currency",
            "value": "UAH",
          },
          {
            "name": "productName[0]",
            "value": "Apple",
          },
          {
            "name": "productName[1]",
            "value": "Orange",
          },
          {
            "name": "productPrice[0]",
            "value": "100",
          },
          {
            "name": "productPrice[1]",
            "value": "45",
          },
          {
            "name": "productCount[0]",
            "value": "1",
          },
          {
            "name": "productCount[1]",
            "value": "1",
          },
          {
            "name": "language",
            "value": "EN",
          },
          {
            "name": "orderTimeout",
            "value": "49000",
          },
          {
            "name": "orderLifetime",
            "value": "86400",
          },
          {
            "name": "paymentSystems",
            "value": "card;googlePay;applePay",
          },
          {
            "name": "amount",
            "value": "145",
          },
        ],
      },
      {
        "headers": {
          "Content-Type": "multipart/form-data",
        },
      },
    ],
    [
      "https://secure.wayforpay.com/pay?behavior=offline",
      FormData {
        Symbol(state): [
          {
            "name": "merchantAccount",
            "value": "my_account",
          },
          {
            "name": "merchantDomainName",
            "value": "https://my_account.com",
          },
          {
            "name": "merchantTransactionSecureType",
            "value": "AUTO",
          },
          {
            "name": "merchantSignature",
            "value": "686cdc728fdfb2b3fdce79971c869564",
          },
          {
            "name": "orderReference",
            "value": "product_1_1715266261866",
          },
          {
            "name": "orderDate",
            "value": "1715266261866",
          },
          {
            "name": "currency",
            "value": "UAH",
          },
          {
            "name": "productName[0]",
            "value": "Apple",
          },
          {
            "name": "productName[1]",
            "value": "Kiwi",
          },
          {
            "name": "productPrice[0]",
            "value": "100",
          },
          {
            "name": "productPrice[1]",
            "value": "45",
          },
          {
            "name": "productCount[0]",
            "value": "1",
          },
          {
            "name": "productCount[1]",
            "value": "1",
          },
          {
            "name": "language",
            "value": "EN",
          },
          {
            "name": "orderTimeout",
            "value": "49000",
          },
          {
            "name": "orderLifetime",
            "value": "86400",
          },
          {
            "name": "paymentSystems",
            "value": "card;googlePay;applePay",
          },
          {
            "name": "amount",
            "value": "123",
          },
        ],
      },
      {
        "headers": {
          "Content-Type": "multipart/form-data",
        },
      },
    ],
    [
      "https://secure.wayforpay.com/pay?behavior=offline",
      FormData {
        Symbol(state): [
          {
            "name": "merchantAccount",
            "value": "my_account",
          },
          {
            "name": "merchantDomainName",
            "value": "https://my_account.com",
          },
          {
            "name": "merchantTransactionSecureType",
            "value": "AUTO",
          },
          {
            "name": "merchantSignature",
            "value": "b12479bbd74e6c404322d562940b310f",
          },
          {
            "name": "orderReference",
            "value": "product_1_1715266261866",
          },
          {
            "name": "orderDate",
            "value": "1715266261866",
          },
          {
            "name": "currency",
            "value": "EUR",
          },
          {
            "name": "productName[0]",
            "value": "Milk",
          },
          {
            "name": "productPrice[0]",
            "value": "2",
          },
          {
            "name": "productCount[0]",
            "value": "1",
          },
          {
            "name": "language",
            "value": "EN",
          },
          {
            "name": "orderTimeout",
            "value": "49000",
          },
          {
            "name": "orderLifetime",
            "value": "86400",
          },
          {
            "name": "paymentSystems",
            "value": "card;googlePay;applePay",
          },
          {
            "name": "amount",
            "value": "2",
          },
        ],
      },
      {
        "headers": {
          "Content-Type": "multipart/form-data",
        },
      },
    ],
    [
      "https://secure.wayforpay.com/pay?behavior=offline",
      FormData {
        Symbol(state): [
          {
            "name": "merchantAccount",
            "value": "my_account",
          },
          {
            "name": "merchantDomainName",
            "value": "https://my_account.com",
          },
          {
            "name": "merchantTransactionSecureType",
            "value": "AUTO",
          },
          {
            "name": "merchantSignature",
            "value": "b12479bbd74e6c404322d562940b310f",
          },
          {
            "name": "orderReference",
            "value": "product_1_1715266261866",
          },
          {
            "name": "orderDate",
            "value": "1715266261866",
          },
          {
            "name": "currency",
            "value": "EUR",
          },
          {
            "name": "productName[0]",
            "value": "Milk",
          },
          {
            "name": "productPrice[0]",
            "value": "2",
          },
          {
            "name": "productCount[0]",
            "value": "1",
          },
          {
            "name": "language",
            "value": "EN",
          },
          {
            "name": "orderTimeout",
            "value": "49000",
          },
          {
            "name": "orderLifetime",
            "value": "86400",
          },
          {
            "name": "paymentSystems",
            "value": "card;googlePay;applePay",
          },
          {
            "name": "amount",
            "value": "2",
          },
          {
            "name": "serviceUrl",
            "value": "https://my_account.com/success",
          },
        ],
      },
      {
        "headers": {
          "Content-Type": "multipart/form-data",
        },
      },
    ],
    [
      "https://secure.wayforpay.com/pay?behavior=offline",
      FormData {
        Symbol(state): [
          {
            "name": "merchantAccount",
            "value": "my_account",
          },
          {
            "name": "merchantDomainName",
            "value": "https://my_account.com",
          },
          {
            "name": "merchantTransactionSecureType",
            "value": "AUTO",
          },
          {
            "name": "merchantSignature",
            "value": "b12479bbd74e6c404322d562940b310f",
          },
          {
            "name": "orderReference",
            "value": "product_1_1715266261866",
          },
          {
            "name": "orderDate",
            "value": "1715266261866",
          },
          {
            "name": "currency",
            "value": "EUR",
          },
          {
            "name": "productName[0]",
            "value": "Milk",
          },
          {
            "name": "productPrice[0]",
            "value": "2",
          },
          {
            "name": "productCount[0]",
            "value": "1",
          },
          {
            "name": "language",
            "value": "UA",
          },
          {
            "name": "orderTimeout",
            "value": "49000",
          },
          {
            "name": "orderLifetime",
            "value": "86400",
          },
          {
            "name": "paymentSystems",
            "value": "card;googlePay;applePay",
          },
          {
            "name": "amount",
            "value": "2",
          },
          {
            "name": "serviceUrl",
            "value": "https://my_account.com/success",
          },
        ],
      },
      {
        "headers": {
          "Content-Type": "multipart/form-data",
        },
      },
    ],
    [
      "https://secure.wayforpay.com/pay?behavior=offline",
      FormData {
        Symbol(state): [
          {
            "name": "merchantAccount",
            "value": "my_account",
          },
          {
            "name": "merchantDomainName",
            "value": "https://my_account.com",
          },
          {
            "name": "merchantTransactionSecureType",
            "value": "AUTO",
          },
          {
            "name": "merchantSignature",
            "value": "82b2370c8321e4d1296da27309e62727",
          },
          {
            "name": "orderReference",
            "value": "product_1_1715266261866",
          },
          {
            "name": "orderDate",
            "value": "1715266261866",
          },
          {
            "name": "currency",
            "value": "USD",
          },
          {
            "name": "productName[0]",
            "value": "Milk",
          },
          {
            "name": "productPrice[0]",
            "value": "2",
          },
          {
            "name": "productCount[0]",
            "value": "3",
          },
          {
            "name": "language",
            "value": "EN",
          },
          {
            "name": "orderTimeout",
            "value": "49000",
          },
          {
            "name": "orderLifetime",
            "value": "86400",
          },
          {
            "name": "paymentSystems",
            "value": "card;googlePay;applePay",
          },
          {
            "name": "amount",
            "value": "6",
          },
        ],
      },
      {
        "headers": {
          "Content-Type": "multipart/form-data",
        },
      },
    ],
  ],
  "results": [
    {
      "type": "return",
      "value": Promise {},
    },
    {
      "type": "return",
      "value": Promise {},
    },
    {
      "type": "return",
      "value": Promise {},
    },
    {
      "type": "return",
      "value": Promise {},
    },
    {
      "type": "return",
      "value": Promise {},
    },
    {
      "type": "return",
      "value": Promise {},
    },
    {
      "type": "return",
      "value": Promise {},
    },
  ],
}
`;

exports[`test generatePurchaseUrl should generate payment url with multiple products 1`] = `
[MockFunction] {
  "calls": [
    [
      "https://secure.wayforpay.com/pay?behavior=offline",
      FormData {
        Symbol(state): [
          {
            "name": "merchantAccount",
            "value": "my_account",
          },
          {
            "name": "merchantDomainName",
            "value": "https://my_account.com",
          },
          {
            "name": "merchantTransactionSecureType",
            "value": "AUTO",
          },
          {
            "name": "merchantSignature",
            "value": "c2b78f71992bd8f7279cb822756ae2c9",
          },
          {
            "name": "orderReference",
            "value": "product__1715267902885",
          },
          {
            "name": "orderDate",
            "value": "1715267902885",
          },
          {
            "name": "currency",
            "value": "UAH",
          },
          {
            "name": "productName[0]",
            "value": "Apple",
          },
          {
            "name": "productPrice[0]",
            "value": "100",
          },
          {
            "name": "productCount[0]",
            "value": "1",
          },
          {
            "name": "language",
            "value": "EN",
          },
          {
            "name": "orderTimeout",
            "value": "49000",
          },
          {
            "name": "orderLifetime",
            "value": "86400",
          },
          {
            "name": "paymentSystems",
            "value": "card;googlePay;applePay",
          },
          {
            "name": "amount",
            "value": "100",
          },
        ],
      },
      {
        "headers": {
          "Content-Type": "multipart/form-data",
        },
      },
    ],
    [
      "https://secure.wayforpay.com/pay?behavior=offline",
      FormData {
        Symbol(state): [
          {
            "name": "merchantAccount",
            "value": "my_account",
          },
          {
            "name": "merchantDomainName",
            "value": "https://my_account.com",
          },
          {
            "name": "merchantTransactionSecureType",
            "value": "AUTO",
          },
          {
            "name": "merchantSignature",
            "value": "c9212fd501646309a47f2cb92f795494",
          },
          {
            "name": "orderReference",
            "value": "product_1_1715266261866",
          },
          {
            "name": "orderDate",
            "value": "1715266261866",
          },
          {
            "name": "currency",
            "value": "UAH",
          },
          {
            "name": "productName[0]",
            "value": "Apple",
          },
          {
            "name": "productName[1]",
            "value": "Orange",
          },
          {
            "name": "productPrice[0]",
            "value": "100",
          },
          {
            "name": "productPrice[1]",
            "value": "45",
          },
          {
            "name": "productCount[0]",
            "value": "1",
          },
          {
            "name": "productCount[1]",
            "value": "1",
          },
          {
            "name": "language",
            "value": "EN",
          },
          {
            "name": "orderTimeout",
            "value": "49000",
          },
          {
            "name": "orderLifetime",
            "value": "86400",
          },
          {
            "name": "paymentSystems",
            "value": "card;googlePay;applePay",
          },
          {
            "name": "amount",
            "value": "145",
          },
        ],
      },
      {
        "headers": {
          "Content-Type": "multipart/form-data",
        },
      },
    ],
  ],
  "results": [
    {
      "type": "return",
      "value": Promise {},
    },
    {
      "type": "return",
      "value": Promise {},
    },
  ],
}
`;

exports[`test generatePurchaseUrl should generate payment url with overwritten amount 1`] = `
[MockFunction] {
  "calls": [
    [
      "https://secure.wayforpay.com/pay?behavior=offline",
      FormData {
        Symbol(state): [
          {
            "name": "merchantAccount",
            "value": "my_account",
          },
          {
            "name": "merchantDomainName",
            "value": "https://my_account.com",
          },
          {
            "name": "merchantTransactionSecureType",
            "value": "AUTO",
          },
          {
            "name": "merchantSignature",
            "value": "c2b78f71992bd8f7279cb822756ae2c9",
          },
          {
            "name": "orderReference",
            "value": "product__1715267902885",
          },
          {
            "name": "orderDate",
            "value": "1715267902885",
          },
          {
            "name": "currency",
            "value": "UAH",
          },
          {
            "name": "productName[0]",
            "value": "Apple",
          },
          {
            "name": "productPrice[0]",
            "value": "100",
          },
          {
            "name": "productCount[0]",
            "value": "1",
          },
          {
            "name": "language",
            "value": "EN",
          },
          {
            "name": "orderTimeout",
            "value": "49000",
          },
          {
            "name": "orderLifetime",
            "value": "86400",
          },
          {
            "name": "paymentSystems",
            "value": "card;googlePay;applePay",
          },
          {
            "name": "amount",
            "value": "100",
          },
        ],
      },
      {
        "headers": {
          "Content-Type": "multipart/form-data",
        },
      },
    ],
    [
      "https://secure.wayforpay.com/pay?behavior=offline",
      FormData {
        Symbol(state): [
          {
            "name": "merchantAccount",
            "value": "my_account",
          },
          {
            "name": "merchantDomainName",
            "value": "https://my_account.com",
          },
          {
            "name": "merchantTransactionSecureType",
            "value": "AUTO",
          },
          {
            "name": "merchantSignature",
            "value": "c9212fd501646309a47f2cb92f795494",
          },
          {
            "name": "orderReference",
            "value": "product_1_1715266261866",
          },
          {
            "name": "orderDate",
            "value": "1715266261866",
          },
          {
            "name": "currency",
            "value": "UAH",
          },
          {
            "name": "productName[0]",
            "value": "Apple",
          },
          {
            "name": "productName[1]",
            "value": "Orange",
          },
          {
            "name": "productPrice[0]",
            "value": "100",
          },
          {
            "name": "productPrice[1]",
            "value": "45",
          },
          {
            "name": "productCount[0]",
            "value": "1",
          },
          {
            "name": "productCount[1]",
            "value": "1",
          },
          {
            "name": "language",
            "value": "EN",
          },
          {
            "name": "orderTimeout",
            "value": "49000",
          },
          {
            "name": "orderLifetime",
            "value": "86400",
          },
          {
            "name": "paymentSystems",
            "value": "card;googlePay;applePay",
          },
          {
            "name": "amount",
            "value": "145",
          },
        ],
      },
      {
        "headers": {
          "Content-Type": "multipart/form-data",
        },
      },
    ],
    [
      "https://secure.wayforpay.com/pay?behavior=offline",
      FormData {
        Symbol(state): [
          {
            "name": "merchantAccount",
            "value": "my_account",
          },
          {
            "name": "merchantDomainName",
            "value": "https://my_account.com",
          },
          {
            "name": "merchantTransactionSecureType",
            "value": "AUTO",
          },
          {
            "name": "merchantSignature",
            "value": "686cdc728fdfb2b3fdce79971c869564",
          },
          {
            "name": "orderReference",
            "value": "product_1_1715266261866",
          },
          {
            "name": "orderDate",
            "value": "1715266261866",
          },
          {
            "name": "currency",
            "value": "UAH",
          },
          {
            "name": "productName[0]",
            "value": "Apple",
          },
          {
            "name": "productName[1]",
            "value": "Kiwi",
          },
          {
            "name": "productPrice[0]",
            "value": "100",
          },
          {
            "name": "productPrice[1]",
            "value": "45",
          },
          {
            "name": "productCount[0]",
            "value": "1",
          },
          {
            "name": "productCount[1]",
            "value": "1",
          },
          {
            "name": "language",
            "value": "EN",
          },
          {
            "name": "orderTimeout",
            "value": "49000",
          },
          {
            "name": "orderLifetime",
            "value": "86400",
          },
          {
            "name": "paymentSystems",
            "value": "card;googlePay;applePay",
          },
          {
            "name": "amount",
            "value": "123",
          },
        ],
      },
      {
        "headers": {
          "Content-Type": "multipart/form-data",
        },
      },
    ],
  ],
  "results": [
    {
      "type": "return",
      "value": Promise {},
    },
    {
      "type": "return",
      "value": Promise {},
    },
    {
      "type": "return",
      "value": Promise {},
    },
  ],
}
`;

exports[`test generatePurchaseUrl should generate payment url with serviceUrl 1`] = `
[MockFunction] {
  "calls": [
    [
      "https://secure.wayforpay.com/pay?behavior=offline",
      FormData {
        Symbol(state): [
          {
            "name": "merchantAccount",
            "value": "my_account",
          },
          {
            "name": "merchantDomainName",
            "value": "https://my_account.com",
          },
          {
            "name": "merchantTransactionSecureType",
            "value": "AUTO",
          },
          {
            "name": "merchantSignature",
            "value": "c2b78f71992bd8f7279cb822756ae2c9",
          },
          {
            "name": "orderReference",
            "value": "product__1715267902885",
          },
          {
            "name": "orderDate",
            "value": "1715267902885",
          },
          {
            "name": "currency",
            "value": "UAH",
          },
          {
            "name": "productName[0]",
            "value": "Apple",
          },
          {
            "name": "productPrice[0]",
            "value": "100",
          },
          {
            "name": "productCount[0]",
            "value": "1",
          },
          {
            "name": "language",
            "value": "EN",
          },
          {
            "name": "orderTimeout",
            "value": "49000",
          },
          {
            "name": "orderLifetime",
            "value": "86400",
          },
          {
            "name": "paymentSystems",
            "value": "card;googlePay;applePay",
          },
          {
            "name": "amount",
            "value": "100",
          },
        ],
      },
      {
        "headers": {
          "Content-Type": "multipart/form-data",
        },
      },
    ],
    [
      "https://secure.wayforpay.com/pay?behavior=offline",
      FormData {
        Symbol(state): [
          {
            "name": "merchantAccount",
            "value": "my_account",
          },
          {
            "name": "merchantDomainName",
            "value": "https://my_account.com",
          },
          {
            "name": "merchantTransactionSecureType",
            "value": "AUTO",
          },
          {
            "name": "merchantSignature",
            "value": "c9212fd501646309a47f2cb92f795494",
          },
          {
            "name": "orderReference",
            "value": "product_1_1715266261866",
          },
          {
            "name": "orderDate",
            "value": "1715266261866",
          },
          {
            "name": "currency",
            "value": "UAH",
          },
          {
            "name": "productName[0]",
            "value": "Apple",
          },
          {
            "name": "productName[1]",
            "value": "Orange",
          },
          {
            "name": "productPrice[0]",
            "value": "100",
          },
          {
            "name": "productPrice[1]",
            "value": "45",
          },
          {
            "name": "productCount[0]",
            "value": "1",
          },
          {
            "name": "productCount[1]",
            "value": "1",
          },
          {
            "name": "language",
            "value": "EN",
          },
          {
            "name": "orderTimeout",
            "value": "49000",
          },
          {
            "name": "orderLifetime",
            "value": "86400",
          },
          {
            "name": "paymentSystems",
            "value": "card;googlePay;applePay",
          },
          {
            "name": "amount",
            "value": "145",
          },
        ],
      },
      {
        "headers": {
          "Content-Type": "multipart/form-data",
        },
      },
    ],
    [
      "https://secure.wayforpay.com/pay?behavior=offline",
      FormData {
        Symbol(state): [
          {
            "name": "merchantAccount",
            "value": "my_account",
          },
          {
            "name": "merchantDomainName",
            "value": "https://my_account.com",
          },
          {
            "name": "merchantTransactionSecureType",
            "value": "AUTO",
          },
          {
            "name": "merchantSignature",
            "value": "686cdc728fdfb2b3fdce79971c869564",
          },
          {
            "name": "orderReference",
            "value": "product_1_1715266261866",
          },
          {
            "name": "orderDate",
            "value": "1715266261866",
          },
          {
            "name": "currency",
            "value": "UAH",
          },
          {
            "name": "productName[0]",
            "value": "Apple",
          },
          {
            "name": "productName[1]",
            "value": "Kiwi",
          },
          {
            "name": "productPrice[0]",
            "value": "100",
          },
          {
            "name": "productPrice[1]",
            "value": "45",
          },
          {
            "name": "productCount[0]",
            "value": "1",
          },
          {
            "name": "productCount[1]",
            "value": "1",
          },
          {
            "name": "language",
            "value": "EN",
          },
          {
            "name": "orderTimeout",
            "value": "49000",
          },
          {
            "name": "orderLifetime",
            "value": "86400",
          },
          {
            "name": "paymentSystems",
            "value": "card;googlePay;applePay",
          },
          {
            "name": "amount",
            "value": "123",
          },
        ],
      },
      {
        "headers": {
          "Content-Type": "multipart/form-data",
        },
      },
    ],
    [
      "https://secure.wayforpay.com/pay?behavior=offline",
      FormData {
        Symbol(state): [
          {
            "name": "merchantAccount",
            "value": "my_account",
          },
          {
            "name": "merchantDomainName",
            "value": "https://my_account.com",
          },
          {
            "name": "merchantTransactionSecureType",
            "value": "AUTO",
          },
          {
            "name": "merchantSignature",
            "value": "b12479bbd74e6c404322d562940b310f",
          },
          {
            "name": "orderReference",
            "value": "product_1_1715266261866",
          },
          {
            "name": "orderDate",
            "value": "1715266261866",
          },
          {
            "name": "currency",
            "value": "EUR",
          },
          {
            "name": "productName[0]",
            "value": "Milk",
          },
          {
            "name": "productPrice[0]",
            "value": "2",
          },
          {
            "name": "productCount[0]",
            "value": "1",
          },
          {
            "name": "language",
            "value": "EN",
          },
          {
            "name": "orderTimeout",
            "value": "49000",
          },
          {
            "name": "orderLifetime",
            "value": "86400",
          },
          {
            "name": "paymentSystems",
            "value": "card;googlePay;applePay",
          },
          {
            "name": "amount",
            "value": "2",
          },
        ],
      },
      {
        "headers": {
          "Content-Type": "multipart/form-data",
        },
      },
    ],
    [
      "https://secure.wayforpay.com/pay?behavior=offline",
      FormData {
        Symbol(state): [
          {
            "name": "merchantAccount",
            "value": "my_account",
          },
          {
            "name": "merchantDomainName",
            "value": "https://my_account.com",
          },
          {
            "name": "merchantTransactionSecureType",
            "value": "AUTO",
          },
          {
            "name": "merchantSignature",
            "value": "b12479bbd74e6c404322d562940b310f",
          },
          {
            "name": "orderReference",
            "value": "product_1_1715266261866",
          },
          {
            "name": "orderDate",
            "value": "1715266261866",
          },
          {
            "name": "currency",
            "value": "EUR",
          },
          {
            "name": "productName[0]",
            "value": "Milk",
          },
          {
            "name": "productPrice[0]",
            "value": "2",
          },
          {
            "name": "productCount[0]",
            "value": "1",
          },
          {
            "name": "language",
            "value": "EN",
          },
          {
            "name": "orderTimeout",
            "value": "49000",
          },
          {
            "name": "orderLifetime",
            "value": "86400",
          },
          {
            "name": "paymentSystems",
            "value": "card;googlePay;applePay",
          },
          {
            "name": "amount",
            "value": "2",
          },
          {
            "name": "serviceUrl",
            "value": "https://my_account.com/success",
          },
        ],
      },
      {
        "headers": {
          "Content-Type": "multipart/form-data",
        },
      },
    ],
  ],
  "results": [
    {
      "type": "return",
      "value": Promise {},
    },
    {
      "type": "return",
      "value": Promise {},
    },
    {
      "type": "return",
      "value": Promise {},
    },
    {
      "type": "return",
      "value": Promise {},
    },
    {
      "type": "return",
      "value": Promise {},
    },
  ],
}
`;

exports[`test generatePurchaseUrl should generate payment url with single product 1`] = `
[MockFunction] {
  "calls": [
    [
      "https://secure.wayforpay.com/pay?behavior=offline",
      FormData {
        Symbol(state): [
          {
            "name": "merchantAccount",
            "value": "my_account",
          },
          {
            "name": "merchantDomainName",
            "value": "https://my_account.com",
          },
          {
            "name": "merchantTransactionSecureType",
            "value": "AUTO",
          },
          {
            "name": "merchantSignature",
            "value": "c2b78f71992bd8f7279cb822756ae2c9",
          },
          {
            "name": "orderReference",
            "value": "product__1715267902885",
          },
          {
            "name": "orderDate",
            "value": "1715267902885",
          },
          {
            "name": "currency",
            "value": "UAH",
          },
          {
            "name": "productName[0]",
            "value": "Apple",
          },
          {
            "name": "productPrice[0]",
            "value": "100",
          },
          {
            "name": "productCount[0]",
            "value": "1",
          },
          {
            "name": "language",
            "value": "EN",
          },
          {
            "name": "orderTimeout",
            "value": "49000",
          },
          {
            "name": "orderLifetime",
            "value": "86400",
          },
          {
            "name": "paymentSystems",
            "value": "card;googlePay;applePay",
          },
          {
            "name": "amount",
            "value": "100",
          },
        ],
      },
      {
        "headers": {
          "Content-Type": "multipart/form-data",
        },
      },
    ],
  ],
  "results": [
    {
      "type": "return",
      "value": Promise {},
    },
  ],
}
`;
